// Jest Snapshot v1, https://goo.gl/fbAQLP

exports[`AboutView component debe de hacer match con snapshot 1`] = `
<div class="about">
  <h1>This is an about page - </h1>
</div>
`;
